
--- Starting npm run dev at Mon Aug  3 00:05:10 2026 ---

> tkart@0.0.0 dev
> vite

Port 5173 is in use, trying another one...

  VITE v6.3.5  ready in 351 ms

  ➜  Local:   http://localhost:5174/
  ➜  Network: use --host to expose
12:05:35 AM [vite] vite.config.js changed, restarting server...
Port 5174 is in use, trying another one...
12:05:35 AM [vite] server restarted.

  ➜  Local:   http://localhost:5175/
  ➜  Network: http://10.93.232.140:5175/

--- Starting npm run dev at Mon Aug  3 00:05:48 2026 ---

> tkart@0.0.0 dev
> vite

Port 5174 is in use, trying another one...

  VITE v6.3.5  ready in 277 ms

  ➜  Local:   http://localhost:5175/
  ➜  Network: http://10.93.232.140:5175/

--- Starting npm run dev at Mon Aug  3 00:07:31 2026 ---

> tkart@0.0.0 dev
> vite


  VITE v6.3.5  ready in 275 ms

  ➜  Local:   http://localhost:5174/
  ➜  Network: http://10.93.232.140:5174/

--- Starting npm run dev at Mon Aug  3 00:20:39 2026 ---

> tkart@0.0.0 dev
> vite


  VITE v6.3.5  ready in 329 ms

  ➜  Local:   http://localhost:5174/
  ➜  Network: http://10.93.232.140:5174/

--- Starting npm run dev at Mon Aug  3 00:26:38 2026 ---

> tkart@0.0.0 dev
> vite


  VITE v6.3.5  ready in 415 ms

  ➜  Local:   http://localhost:5174/
  ➜  Network: http://10.93.232.140:5174/

--- Starting npm run dev at Mon Aug  3 00:40:12 2026 ---

> tkart@0.0.0 dev
> vite


  VITE v6.3.5  ready in 420 ms

  ➜  Local:   http://localhost:5174/
  ➜  Network: http://10.93.232.140:5174/

--- Starting npm run dev at Mon Aug  3 01:53:09 2026 ---

> tkart@0.0.0 dev
> vite


  VITE v6.3.5  ready in 586 ms

  ➜  Local:   http://localhost:5174/
  ➜  Network: http://10.93.232.140:5174/
  ➜  press h + enter to show help
9:29:00 AM [vite] (client) hmr update /src/components/Orders.jsx, /src/index.css
9:48:25 AM [vite] (client) hmr update /src/components/Orders.jsx, /src/index.css
